// Jest Snapshot v1, https://goo.gl/fbAQLP

exports[`it matches the snapshot 1`] = `
<div
  style={null}
>
  <div
    aria-atomic="true"
    aria-live="assertive"
    className="fade toast text-white border-danger bg-danger show"
    role="alert"
  >
    <div
      className="toast-header text-white bg-danger"
    >
      <strong
        className="mr-auto"
      >
        Success
      </strong>
    </div>
    <div
      className="toast-body"
    />
  </div>
</div>
`;
